.next/dev/types/validator.ts(80,39): error TS2306: File 'C:/Users/lavva/OneDrive/Desktop/code-theft-auto/app/api/auth/login/route.ts' is not a module.
lib/prisma.ts(7,5): error TS2353: Object literal may only specify known properties, and 'datasourceUrl' does not exist in type 'Subset<PrismaClientOptions, PrismaClientOptions>'.
